2025-05-11 07:59:54,648 CRIT Supervisor is running as root.  Privileges were not dropped because no user is specified in the config file.  If you intend to run as root, you can set user=root in the config file to avoid this message.
2025-05-11 07:59:54,650 INFO supervisord started with pid 1
2025-05-11 07:59:55,654 INFO spawned: 'laravel-worker_00' with pid 7
2025-05-11 07:59:56,047 WARN exited: laravel-worker_00 (exit status 1; not expected)
2025-05-11 07:59:57,055 INFO spawned: 'laravel-worker_00' with pid 12
2025-05-11 07:59:57,245 WARN exited: laravel-worker_00 (exit status 1; not expected)
2025-05-11 07:59:59,259 INFO spawned: 'laravel-worker_00' with pid 17
2025-05-11 07:59:59,593 WARN exited: laravel-worker_00 (exit status 1; not expected)
2025-05-11 08:00:02,610 INFO spawned: 'laravel-worker_00' with pid 22
2025-05-11 08:00:02,786 WARN exited: laravel-worker_00 (exit status 1; not expected)
2025-05-11 08:00:03,789 INFO gave up: laravel-worker_00 entered FATAL state, too many start retries too quickly
2025-05-11 08:01:08,925 WARN received SIGQUIT indicating exit request
2025-05-11 08:01:12,568 CRIT Supervisor is running as root.  Privileges were not dropped because no user is specified in the config file.  If you intend to run as root, you can set user=root in the config file to avoid this message.
2025-05-11 08:01:12,570 INFO supervisord started with pid 1
2025-05-11 08:01:13,574 INFO spawned: 'laravel-worker_00' with pid 6
2025-05-11 08:01:13,894 WARN exited: laravel-worker_00 (exit status 1; not expected)
2025-05-11 08:01:14,897 INFO spawned: 'laravel-worker_00' with pid 11
2025-05-11 08:01:15,090 WARN exited: laravel-worker_00 (exit status 1; not expected)
2025-05-11 08:01:17,094 INFO spawned: 'laravel-worker_00' with pid 22
2025-05-11 08:01:17,292 WARN exited: laravel-worker_00 (exit status 1; not expected)
2025-05-11 08:01:20,310 INFO spawned: 'laravel-worker_00' with pid 27
2025-05-11 08:01:20,523 WARN exited: laravel-worker_00 (exit status 1; not expected)
2025-05-11 08:01:21,526 INFO gave up: laravel-worker_00 entered FATAL state, too many start retries too quickly
2025-05-11 08:03:43,000 CRIT Supervisor is running as root.  Privileges were not dropped because no user is specified in the config file.  If you intend to run as root, you can set user=root in the config file to avoid this message.
2025-05-11 08:03:43,002 INFO supervisord started with pid 42
2025-05-11 08:03:44,009 INFO spawned: 'laravel-worker_00' with pid 43
2025-05-11 08:03:45,255 INFO success: laravel-worker_00 entered RUNNING state, process has stayed up for > than 1 seconds (startsecs)
2025-05-11 08:03:45,256 WARN exited: laravel-worker_00 (exit status 1; not expected)
2025-05-11 08:03:46,264 INFO spawned: 'laravel-worker_00' with pid 48
2025-05-11 08:03:46,422 WARN exited: laravel-worker_00 (exit status 1; not expected)
2025-05-11 08:03:47,429 INFO spawned: 'laravel-worker_00' with pid 53
2025-05-11 08:03:47,599 WARN exited: laravel-worker_00 (exit status 1; not expected)
2025-05-11 08:03:49,607 INFO spawned: 'laravel-worker_00' with pid 58
2025-05-11 08:03:49,787 WARN exited: laravel-worker_00 (exit status 1; not expected)
2025-05-11 08:03:52,799 INFO spawned: 'laravel-worker_00' with pid 63
2025-05-11 08:03:52,964 WARN exited: laravel-worker_00 (exit status 1; not expected)
2025-05-11 08:03:53,966 INFO gave up: laravel-worker_00 entered FATAL state, too many start retries too quickly
2025-05-11 08:35:10,858 WARN received SIGQUIT indicating exit request
2025-05-11 08:35:15,600 CRIT Supervisor is running as root.  Privileges were not dropped because no user is specified in the config file.  If you intend to run as root, you can set user=root in the config file to avoid this message.
2025-05-11 08:35:15,604 INFO supervisord started with pid 1
2025-05-11 08:35:16,610 INFO spawned: 'laravel-worker_00' with pid 7
2025-05-11 08:35:17,105 WARN exited: laravel-worker_00 (exit status 1; not expected)
2025-05-11 08:35:18,111 INFO spawned: 'laravel-worker_00' with pid 12
2025-05-11 08:35:18,317 WARN exited: laravel-worker_00 (exit status 1; not expected)
2025-05-11 08:35:20,340 INFO spawned: 'laravel-worker_00' with pid 17
2025-05-11 08:35:20,611 WARN exited: laravel-worker_00 (exit status 1; not expected)
2025-05-11 08:35:23,659 INFO spawned: 'laravel-worker_00' with pid 22
2025-05-11 08:35:24,120 WARN exited: laravel-worker_00 (exit status 1; not expected)
2025-05-11 08:35:25,122 INFO gave up: laravel-worker_00 entered FATAL state, too many start retries too quickly
2025-05-11 08:36:01,218 WARN received SIGQUIT indicating exit request
2025-05-11 08:36:09,887 CRIT Supervisor is running as root.  Privileges were not dropped because no user is specified in the config file.  If you intend to run as root, you can set user=root in the config file to avoid this message.
2025-05-11 08:36:09,889 INFO supervisord started with pid 1
2025-05-11 08:36:10,895 INFO spawned: 'laravel-worker_00' with pid 6
2025-05-11 08:36:11,191 WARN exited: laravel-worker_00 (exit status 1; not expected)
2025-05-11 08:36:12,200 INFO spawned: 'laravel-worker_00' with pid 11
2025-05-11 08:36:13,420 INFO success: laravel-worker_00 entered RUNNING state, process has stayed up for > than 1 seconds (startsecs)
2025-05-11 08:36:13,421 WARN exited: laravel-worker_00 (exit status 1; not expected)
2025-05-11 08:36:14,422 INFO spawned: 'laravel-worker_00' with pid 16
2025-05-11 08:36:14,591 WARN exited: laravel-worker_00 (exit status 1; not expected)
2025-05-11 08:36:15,595 INFO spawned: 'laravel-worker_00' with pid 21
2025-05-11 08:36:15,753 WARN exited: laravel-worker_00 (exit status 1; not expected)
2025-05-11 08:36:17,792 INFO spawned: 'laravel-worker_00' with pid 26
2025-05-11 08:36:18,041 WARN exited: laravel-worker_00 (exit status 1; not expected)
2025-05-11 08:36:21,058 INFO spawned: 'laravel-worker_00' with pid 31
2025-05-11 08:36:21,227 WARN exited: laravel-worker_00 (exit status 1; not expected)
2025-05-11 08:36:22,231 INFO gave up: laravel-worker_00 entered FATAL state, too many start retries too quickly
2025-05-11 08:36:49,301 WARN received SIGQUIT indicating exit request
2025-05-11 08:37:05,940 CRIT Supervisor is running as root.  Privileges were not dropped because no user is specified in the config file.  If you intend to run as root, you can set user=root in the config file to avoid this message.
2025-05-11 08:37:05,944 INFO supervisord started with pid 1
2025-05-11 08:37:06,948 INFO spawned: 'laravel-worker_00' with pid 7
2025-05-11 08:37:07,239 WARN exited: laravel-worker_00 (exit status 1; not expected)
2025-05-11 08:37:08,242 INFO spawned: 'laravel-worker_00' with pid 12
2025-05-11 08:37:08,407 WARN exited: laravel-worker_00 (exit status 1; not expected)
2025-05-11 08:37:10,414 INFO spawned: 'laravel-worker_00' with pid 17
2025-05-11 08:37:10,610 WARN exited: laravel-worker_00 (exit status 1; not expected)
2025-05-11 08:37:13,657 INFO spawned: 'laravel-worker_00' with pid 22
2025-05-11 08:37:13,870 WARN exited: laravel-worker_00 (exit status 1; not expected)
2025-05-11 08:37:14,873 INFO gave up: laravel-worker_00 entered FATAL state, too many start retries too quickly
2025-05-11 08:42:21,650 WARN received SIGQUIT indicating exit request
2025-05-11 09:07:43,693 CRIT Supervisor is running as root.  Privileges were not dropped because no user is specified in the config file.  If you intend to run as root, you can set user=root in the config file to avoid this message.
2025-05-11 09:07:43,696 INFO supervisord started with pid 1
2025-05-11 09:07:44,703 INFO spawned: 'php-fpm' with pid 7
2025-05-11 09:07:44,706 INFO spawned: 'queue-worker_00' with pid 8
2025-05-11 09:07:45,159 WARN exited: queue-worker_00 (exit status 1; not expected)
2025-05-11 09:07:46,164 INFO success: php-fpm entered RUNNING state, process has stayed up for > than 1 seconds (startsecs)
2025-05-11 09:07:46,176 INFO spawned: 'queue-worker_00' with pid 15
2025-05-11 09:07:46,328 WARN exited: queue-worker_00 (exit status 1; not expected)
2025-05-11 09:07:48,347 INFO spawned: 'queue-worker_00' with pid 20
2025-05-11 09:07:48,599 WARN exited: queue-worker_00 (exit status 1; not expected)
2025-05-11 09:07:51,610 INFO spawned: 'queue-worker_00' with pid 25
2025-05-11 09:07:51,787 WARN exited: queue-worker_00 (exit status 1; not expected)
2025-05-11 09:07:52,791 INFO gave up: queue-worker_00 entered FATAL state, too many start retries too quickly
2025-05-11 09:09:04,606 WARN received SIGQUIT indicating exit request
2025-05-11 09:09:04,615 INFO waiting for php-fpm to die
2025-05-11 09:09:06,651 INFO stopped: php-fpm (exit status 0)
2025-05-11 09:09:10,047 CRIT Supervisor is running as root.  Privileges were not dropped because no user is specified in the config file.  If you intend to run as root, you can set user=root in the config file to avoid this message.
2025-05-11 09:09:10,049 INFO supervisord started with pid 1
2025-05-11 09:09:11,055 INFO spawned: 'php-fpm' with pid 7
2025-05-11 09:09:11,058 INFO spawned: 'queue-worker_00' with pid 8
2025-05-11 09:09:11,376 WARN exited: queue-worker_00 (exit status 1; not expected)
2025-05-11 09:09:12,378 INFO success: php-fpm entered RUNNING state, process has stayed up for > than 1 seconds (startsecs)
2025-05-11 09:09:12,382 INFO spawned: 'queue-worker_00' with pid 15
2025-05-11 09:09:12,595 WARN exited: queue-worker_00 (exit status 1; not expected)
2025-05-11 09:09:14,604 INFO spawned: 'queue-worker_00' with pid 20
2025-05-11 09:09:14,801 WARN exited: queue-worker_00 (exit status 1; not expected)
2025-05-11 09:09:17,814 INFO spawned: 'queue-worker_00' with pid 25
2025-05-11 09:09:17,989 WARN exited: queue-worker_00 (exit status 1; not expected)
2025-05-11 09:09:18,992 INFO gave up: queue-worker_00 entered FATAL state, too many start retries too quickly
2025-05-11 09:12:03,529 WARN received SIGQUIT indicating exit request
2025-05-11 09:12:03,533 INFO waiting for php-fpm to die
2025-05-11 09:12:05,566 INFO stopped: php-fpm (exit status 0)
2025-05-11 09:12:09,672 CRIT Supervisor is running as root.  Privileges were not dropped because no user is specified in the config file.  If you intend to run as root, you can set user=root in the config file to avoid this message.
2025-05-11 09:12:09,674 INFO supervisord started with pid 1
2025-05-11 09:12:10,683 INFO spawned: 'php-fpm' with pid 7
2025-05-11 09:12:10,686 INFO spawned: 'queue-worker_00' with pid 8
2025-05-11 09:12:11,051 WARN exited: queue-worker_00 (exit status 1; not expected)
2025-05-11 09:12:12,053 INFO success: php-fpm entered RUNNING state, process has stayed up for > than 1 seconds (startsecs)
2025-05-11 09:12:12,056 INFO spawned: 'queue-worker_00' with pid 15
2025-05-11 09:12:12,260 WARN exited: queue-worker_00 (exit status 1; not expected)
2025-05-11 09:12:14,270 INFO spawned: 'queue-worker_00' with pid 20
2025-05-11 09:12:14,503 WARN exited: queue-worker_00 (exit status 1; not expected)
2025-05-11 09:12:17,523 INFO spawned: 'queue-worker_00' with pid 25
2025-05-11 09:12:17,684 WARN exited: queue-worker_00 (exit status 1; not expected)
2025-05-11 09:12:18,686 INFO gave up: queue-worker_00 entered FATAL state, too many start retries too quickly
2025-05-11 09:14:08,976 WARN received SIGQUIT indicating exit request
2025-05-11 09:14:08,977 INFO waiting for php-fpm to die
2025-05-11 09:14:11,017 INFO stopped: php-fpm (exit status 0)
2025-05-11 09:14:49,215 CRIT Supervisor is running as root.  Privileges were not dropped because no user is specified in the config file.  If you intend to run as root, you can set user=root in the config file to avoid this message.
2025-05-11 09:14:49,217 INFO supervisord started with pid 1
2025-05-11 09:14:50,223 INFO spawned: 'php-fpm' with pid 7
2025-05-11 09:14:50,224 INFO spawned: 'queue-worker_00' with pid 8
2025-05-11 09:14:51,541 INFO success: php-fpm entered RUNNING state, process has stayed up for > than 1 seconds (startsecs)
2025-05-11 09:14:51,541 INFO success: queue-worker_00 entered RUNNING state, process has stayed up for > than 1 seconds (startsecs)
2025-05-11 09:14:51,541 WARN exited: queue-worker_00 (exit status 1; not expected)
2025-05-11 09:14:52,552 INFO spawned: 'queue-worker_00' with pid 15
2025-05-11 09:14:52,863 WARN exited: queue-worker_00 (exit status 1; not expected)
2025-05-11 09:14:53,867 INFO spawned: 'queue-worker_00' with pid 20
2025-05-11 09:14:54,043 WARN exited: queue-worker_00 (exit status 1; not expected)
2025-05-11 09:14:56,049 INFO spawned: 'queue-worker_00' with pid 25
2025-05-11 09:14:56,270 WARN exited: queue-worker_00 (exit status 1; not expected)
2025-05-11 09:14:59,284 INFO spawned: 'queue-worker_00' with pid 30
2025-05-11 09:14:59,514 WARN exited: queue-worker_00 (exit status 1; not expected)
2025-05-11 09:15:00,517 INFO gave up: queue-worker_00 entered FATAL state, too many start retries too quickly
2025-05-11 09:19:20,174 WARN received SIGQUIT indicating exit request
2025-05-11 09:19:20,179 INFO waiting for php-fpm to die
2025-05-11 09:19:22,202 INFO stopped: php-fpm (exit status 0)
2025-05-11 18:22:22,676 CRIT Supervisor is running as root.  Privileges were not dropped because no user is specified in the config file.  If you intend to run as root, you can set user=root in the config file to avoid this message.
2025-05-11 18:22:22,678 INFO supervisord started with pid 1
2025-05-11 18:22:23,684 INFO spawned: 'migrate' with pid 7
2025-05-11 18:22:23,687 INFO spawned: 'queue-worker' with pid 8
2025-05-11 18:22:24,307 INFO success: migrate entered RUNNING state, process has stayed up for > than 0 seconds (startsecs)
2025-05-11 18:22:24,318 WARN exited: queue-worker (exit status 1; not expected)
2025-05-11 18:22:24,318 WARN exited: migrate (exit status 1; not expected)
2025-05-11 18:22:25,324 INFO spawned: 'queue-worker' with pid 15
2025-05-11 18:22:25,608 WARN exited: queue-worker (exit status 1; not expected)
2025-05-11 18:22:27,616 INFO spawned: 'queue-worker' with pid 20
2025-05-11 18:22:27,792 WARN exited: queue-worker (exit status 1; not expected)
2025-05-11 18:22:30,807 INFO spawned: 'queue-worker' with pid 25
2025-05-11 18:22:31,013 WARN exited: queue-worker (exit status 1; not expected)
2025-05-11 18:22:32,018 INFO gave up: queue-worker entered FATAL state, too many start retries too quickly
2025-05-11 18:24:19,301 WARN received SIGQUIT indicating exit request
2025-05-11 18:24:55,177 CRIT Supervisor is running as root.  Privileges were not dropped because no user is specified in the config file.  If you intend to run as root, you can set user=root in the config file to avoid this message.
2025-05-11 18:24:55,179 INFO supervisord started with pid 1
2025-05-11 18:24:56,183 INFO spawned: 'migrate' with pid 7
2025-05-11 18:24:56,185 INFO spawned: 'queue-worker' with pid 8
2025-05-11 18:24:56,583 WARN exited: queue-worker (exit status 1; not expected)
2025-05-11 18:24:56,586 WARN exited: migrate (exit status 1; not expected)
2025-05-11 18:24:57,594 INFO spawned: 'migrate' with pid 15
2025-05-11 18:24:57,596 INFO spawned: 'queue-worker' with pid 16
2025-05-11 18:24:57,968 WARN exited: queue-worker (exit status 1; not expected)
2025-05-11 18:24:57,970 WARN exited: migrate (exit status 1; not expected)
2025-05-11 18:24:59,980 INFO spawned: 'migrate' with pid 23
2025-05-11 18:24:59,982 INFO spawned: 'queue-worker' with pid 24
2025-05-11 18:25:00,255 WARN exited: migrate (exit status 1; not expected)
2025-05-11 18:25:00,257 WARN exited: queue-worker (exit status 1; not expected)
2025-05-11 18:25:03,264 INFO spawned: 'migrate' with pid 31
2025-05-11 18:25:03,268 INFO spawned: 'queue-worker' with pid 32
2025-05-11 18:25:03,530 WARN exited: queue-worker (exit status 1; not expected)
2025-05-11 18:25:03,535 INFO gave up: queue-worker entered FATAL state, too many start retries too quickly
2025-05-11 18:25:03,661 WARN exited: migrate (exit status 0; not expected)
2025-05-11 18:25:04,665 INFO gave up: migrate entered FATAL state, too many start retries too quickly
2025-05-11 18:28:57,261 WARN received SIGQUIT indicating exit request
2025-05-12 08:47:17,652 CRIT Supervisor is running as root.  Privileges were not dropped because no user is specified in the config file.  If you intend to run as root, you can set user=root in the config file to avoid this message.
2025-05-12 08:47:17,652 INFO Included extra file "/etc/supervisor/conf.d/laravel-worker.conf" during parsing
2025-05-12 08:47:17,656 INFO supervisord started with pid 1
2025-05-12 08:47:18,669 INFO spawned: 'laravel-worker_00' with pid 7
2025-05-12 08:47:19,125 WARN exited: laravel-worker_00 (exit status 1; not expected)
2025-05-12 08:47:20,131 INFO spawned: 'laravel-worker_00' with pid 12
2025-05-12 08:47:20,286 WARN exited: laravel-worker_00 (exit status 1; not expected)
2025-05-12 08:47:22,295 INFO spawned: 'laravel-worker_00' with pid 17
2025-05-12 08:47:22,452 WARN exited: laravel-worker_00 (exit status 1; not expected)
2025-05-12 08:47:25,463 INFO spawned: 'laravel-worker_00' with pid 22
2025-05-12 08:47:25,635 WARN exited: laravel-worker_00 (exit status 1; not expected)
2025-05-12 08:47:26,637 INFO gave up: laravel-worker_00 entered FATAL state, too many start retries too quickly
2025-05-12 08:50:06,043 WARN received SIGQUIT indicating exit request
2025-05-12 08:50:14,149 CRIT Supervisor is running as root.  Privileges were not dropped because no user is specified in the config file.  If you intend to run as root, you can set user=root in the config file to avoid this message.
2025-05-12 08:50:14,149 INFO Included extra file "/etc/supervisor/conf.d/laravel-worker.conf" during parsing
2025-05-12 08:50:14,152 INFO supervisord started with pid 1
2025-05-12 08:50:15,163 INFO spawned: 'laravel-worker_00' with pid 7
2025-05-12 08:50:16,508 INFO success: laravel-worker_00 entered RUNNING state, process has stayed up for > than 1 seconds (startsecs)
2025-05-12 08:58:39,331 WARN received SIGQUIT indicating exit request
2025-05-12 08:58:39,338 INFO waiting for laravel-worker_00 to die
2025-05-12 08:58:42,393 INFO stopped: laravel-worker_00 (exit status 0)
